// Jest Snapshot v1, https://goo.gl/fbAQLP

exports[`testing in <LoginScreen /> should do the snapshot 1`] = `
<div
  className="animate__animated animate__fadeIn animate__faster"
>
  <h3
    className="auth__title mb-5"
  >
    Login
  </h3>
  <form
    onSubmit={[Function]}
  >
    <input
      autoComplete="off"
      className="auth__input"
      name="email"
      onChange={[Function]}
      placeholder="Email"
      type="text"
      value=""
    />
    <input
      className="auth__input"
      name="password"
      onChange={[Function]}
      placeholder="Password"
      type="password"
      value=""
    />
    <button
      className="btn btn-primary btn-block"
      disabled={false}
      type="submit"
    >
      Login
    </button>
    <div
      className="auth__social-media"
    >
      <p>
        Login with social media
      </p>
      <div
        className="google-btn"
        onClick={[Function]}
      >
        <div
          className="google-icon-wrapper"
        >
          <img
            alt="google button"
            className="google-icon"
            src="https://upload.wikimedia.org/wikipedia/commons/5/53/Google_%22G%22_Logo.svg"
          />
        </div>
        <p
          className="btn-text"
        >
          <b>
            Sign in with google
          </b>
        </p>
      </div>
    </div>
    <a
      className="link"
      href="/auth/register"
      onClick={[Function]}
    >
      Create new account
    </a>
  </form>
</div>
`;
